C51 COMPILER V9.59.0.0   FLASH_LED                                                         09/07/2021 14:26:48 PAGE 1   


C51 COMPILER V9.59.0.0, COMPILATION OF MODULE FLASH_LED
OBJECT MODULE PLACED IN .\Objects\flash_led.obj
COMPILER INVOKED BY: C:\Keil_v5\C51\BIN\C51.EXE flash_led.c OPTIMIZE(8,SPEED) BROWSE DEBUG OBJECTEXTEND PRINT(.\Listings
                    -\flash_led.lst) TABS(2) OBJECT(.\Objects\flash_led.obj)

line level    source

   1          #include<reg51.h>
   2          #include<intrins.h>
   3          
   4          //ÑÓ³Ùº¯Êý
   5          void DelayMS(unsigned int x)
   6          {
   7   1        unsigned char i;
   8   1        while(x--)
   9   1          for(i=0; i < 120; i++); //¾§ÕñÎª12Mhz
  10   1      }
  11          
  12          int main()
  13          {
  14   1        P0 = 0xFE;
  15   1        while(1)
  16   1        {
  17   2          DelayMS(250);
  18   2          P0 = _crol_(P0, 1);
  19   2        }
  20   1      }


MODULE INFORMATION:   STATIC OVERLAYABLE
   CODE SIZE        =     51    ----
   CONSTANT SIZE    =   ----    ----
   XDATA SIZE       =   ----    ----
   PDATA SIZE       =   ----    ----
   DATA SIZE        =   ----    ----
   IDATA SIZE       =   ----    ----
   BIT SIZE         =   ----    ----
END OF MODULE INFORMATION.


C51 COMPILATION COMPLETE.  0 WARNING(S),  0 ERROR(S)
